// Jest Snapshot v1, https://goo.gl/fbAQLP

exports[`StickyBar should match snapshot 1`] = `
<div>
  <div
    class="MuiBox-root css-1tbxctp"
    data-testid="sticky-bar"
  >
    <div
      class="MuiBox-root css-112rthd"
    >
      <div>
        Hello Sticky
      </div>
    </div>
  </div>
</div>
`;
