// Jest Snapshot v1, https://goo.gl/fbAQLP

exports[`Tree match snapshot 1`] = `
<div>
  <ul
    class="css-1kxqmrx"
  >
    <li
      class="css-1lh1lxa"
      style="margin-left: 0px;"
    >
      <div
        class="css-12pjvak"
        style="margin-left: 0px;"
      >
        <button
          class="css-1ne2h4j"
        >
          <ion-icon
            name="more"
          />
        </button>
        <div
          class="css-gmuwbf"
        >
          <button
            class="css-1d0dnv7"
          >
            COM French Catalog
          </button>
        </div>
      </div>
    </li>
    <li
      class="css-1lh1lxa"
      style="margin-left: 0px;"
    >
      <div
        class="css-12pjvak"
        style="margin-left: 0px;"
      >
        <button
          class="css-1ne2h4j"
        >
          <ion-icon
            name="more"
          />
        </button>
        <div
          class="css-gmuwbf"
        >
          <button
            class="css-1d0dnv7"
          >
            COM English Catalog
          </button>
        </div>
      </div>
    </li>
  </ul>
</div>
`;
