// Jest Snapshot v1, https://goo.gl/fbAQLP

exports[`Breadcrumbs match snapshot 1`] = `
<div>
  <nav
    aria-label="breadcrumb"
    class="MuiTypography-root MuiTypography-body1 MuiBreadcrumbs-root css-1sglq17-MuiTypography-root-MuiBreadcrumbs-root"
  >
    <ol
      class="MuiBreadcrumbs-ol css-4pdmu4-MuiBreadcrumbs-ol"
    >
      <li
        class="MuiBreadcrumbs-li"
      >
        <p
          class="MuiTypography-root MuiTypography-body1 css-zhuy6w-MuiTypography-root"
        >
          <span
            class="css-1epdhd3"
          >
            Recherche
          </span>
        </p>
      </li>
      <li
        aria-hidden="true"
        class="MuiBreadcrumbs-separator css-1wuw8dw-MuiBreadcrumbs-separator"
      >
        /
      </li>
      <li
        class="MuiBreadcrumbs-li"
      >
        <p
          class="MuiTypography-root MuiTypography-body1 css-zhuy6w-MuiTypography-root"
        >
          <span
            class="css-1epdhd3"
          >
            Configuration
          </span>
        </p>
      </li>
      <li
        aria-hidden="true"
        class="MuiBreadcrumbs-separator css-1wuw8dw-MuiBreadcrumbs-separator"
      >
        /
      </li>
      <li
        class="MuiBreadcrumbs-li"
      >
        <p
          class="MuiTypography-root MuiTypography-body1 css-zhuy6w-MuiTypography-root"
        >
          <span
            class="css-6nl1o3"
          >
            Autocomplétion
          </span>
        </p>
      </li>
    </ol>
  </nav>
</div>
`;
