// Jest Snapshot v1, https://goo.gl/fbAQLP

exports[`SubTabPanel match snapshot SubTabPanel simple 1`] = `
<div>
  <div
    style="width: 100%; display: block;"
  >
    <button
      class="MuiButtonBase-root MuiButton-root MuiButton-contained MuiButton-containedPrimary MuiButton-sizeMedium MuiButton-containedSizeMedium css-13u4ebv-MuiButtonBase-root-MuiButton-root"
      tabindex="0"
      type="button"
    >
      Hello
      <span
        class="MuiTouchRipple-root css-8je8zh-MuiTouchRipple-root"
      />
    </button>
  </div>
</div>
`;
