// Jest Snapshot v1, https://goo.gl/fbAQLP

exports[`TabsAndSubTabs match snapshot 1`] = `
<div>
  <div
    class="MuiBox-root css-e3slrw"
  >
    <div
      class="MuiBox-root css-1gsv261"
    >
      <div
        class="MuiTabs-root css-1xt4903-MuiTabs-root"
      >
        <div
          class="MuiTabs-scroller MuiTabs-fixed css-kqhgxw-MuiTabs-scroller"
          style="overflow: hidden; margin-bottom: 0px;"
        >
          <div
            aria-label="basic tabs example"
            class="MuiTabs-flexContainer css-1pyy021-MuiTabs-flexContainer"
            role="tablist"
          >
            <button
              aria-controls="simple-tabpanel-1"
              aria-selected="false"
              class="MuiButtonBase-root MuiTab-root MuiTab-textColorPrimary css-v7gylc-MuiButtonBase-root-MuiTab-root"
              id="simple-tab-1"
              role="tab"
              tabindex="-1"
              type="button"
            >
              Scope
              <span
                class="MuiTouchRipple-root css-8je8zh-MuiTouchRipple-root"
              />
            </button>
          </div>
          <span
            class="MuiTabs-indicator css-1bftaej-MuiTabs-indicator"
            style="left: 0px; width: 0px;"
          />
        </div>
      </div>
    </div>
    <div
      aria-labelledby="simple-tab-1"
      id="simple-tabpanel-1"
      role="tabpanel"
    >
      <div
        class="MuiBox-root css-ed63to"
      >
        <div
          class="css-13t3iqc"
        >
          <div
            class="css-jve40n"
          >
            <button
              class="css-1btl3ot"
            >
              Scope
            </button>
          </div>
          <div
            style="width: 100%;"
          >
            test
          </div>
        </div>
      </div>
    </div>
  </div>
</div>
`;
