// Jest Snapshot v1, https://goo.gl/fbAQLP

exports[`TabsAndSubTabs match snapshot 1`] = `
<div>
  <div
    class="MuiBox-root css-e3slrw"
  >
    <div
      class="MuiBox-root css-1gsv261"
    >
      <div
        class="MuiTabs-root css-1xt4903-MuiTabs-root"
      >
        <div
          class="MuiTabs-scroller MuiTabs-fixed css-kqhgxw-MuiTabs-scroller"
          style="overflow: hidden; margin-bottom: 0px;"
        >
          <div
            aria-label="basic tabs example"
            class="MuiTabs-flexContainer css-1pyy021-MuiTabs-flexContainer"
            role="tablist"
          >
            <button
              aria-controls="simple-tabpanel-0"
              aria-selected="true"
              class="MuiButtonBase-root MuiTab-root MuiTab-textColorPrimary Mui-selected css-v7gylc-MuiButtonBase-root-MuiTab-root"
              id="simple-tab-0"
              role="tab"
              tabindex="0"
              type="button"
            >
              Tab 1
              <span
                class="MuiTouchRipple-root css-8je8zh-MuiTouchRipple-root"
              />
            </button>
            <button
              aria-controls="simple-tabpanel-1"
              aria-selected="false"
              class="MuiButtonBase-root MuiTab-root MuiTab-textColorPrimary css-v7gylc-MuiButtonBase-root-MuiTab-root"
              id="simple-tab-1"
              role="tab"
              tabindex="-1"
              type="button"
            >
              Tab 2
              <span
                class="MuiTouchRipple-root css-8je8zh-MuiTouchRipple-root"
              />
            </button>
            <button
              aria-controls="simple-tabpanel-2"
              aria-selected="false"
              class="MuiButtonBase-root MuiTab-root MuiTab-textColorPrimary css-v7gylc-MuiButtonBase-root-MuiTab-root"
              id="simple-tab-2"
              role="tab"
              tabindex="-1"
              type="button"
            >
              Tab 3
              <span
                class="MuiTouchRipple-root css-8je8zh-MuiTouchRipple-root"
              />
            </button>
            <button
              aria-controls="simple-tabpanel-3"
              aria-selected="false"
              class="MuiButtonBase-root MuiTab-root MuiTab-textColorPrimary css-v7gylc-MuiButtonBase-root-MuiTab-root"
              id="simple-tab-3"
              role="tab"
              tabindex="-1"
              type="button"
            >
              Tab 4
              <span
                class="MuiTouchRipple-root css-8je8zh-MuiTouchRipple-root"
              />
            </button>
          </div>
          <span
            class="MuiTabs-indicator css-1bftaej-MuiTabs-indicator"
            style="left: 0px; width: 0px;"
          />
        </div>
      </div>
    </div>
    <div
      aria-labelledby="simple-tab-0"
      id="simple-tabpanel-0"
      role="tabpanel"
    >
      <div
        class="MuiBox-root css-ed63to"
      >
        Hello World 1
      </div>
    </div>
    <div
      aria-labelledby="simple-tab-1"
      hidden=""
      id="simple-tabpanel-1"
      role="tabpanel"
    />
    <div
      aria-labelledby="simple-tab-2"
      hidden=""
      id="simple-tabpanel-2"
      role="tabpanel"
    />
    <div
      aria-labelledby="simple-tab-3"
      hidden=""
      id="simple-tabpanel-3"
      role="tabpanel"
    />
  </div>
</div>
`;
