// Jest Snapshot v1, https://goo.gl/fbAQLP

exports[`SwitchLabel match snapshot testSwitchTrue 1`] = `
<div>
  <div
    class="MuiFormControl-root MuiFormControl-fullWidth css-12mfi9j-MuiFormControl-root"
  >
    <label
      class="MuiFormLabel-root MuiInputLabel-root MuiInputLabel-formControl MuiInputLabel-animated MuiInputLabel-shrink MuiInputLabel-standard MuiFormLabel-colorPrimary css-1ghtd4k-MuiFormLabel-root-MuiInputLabel-root"
      data-shrink="true"
    >
      label
      <span
        aria-label="labelInfo"
        class=""
        data-mui-internal-clone-element="true"
        style="display: inline-block; padding-left: 10px; margin-bottom: -5px;"
      >
        <ion-icon
          name="information-circle-outline"
          style="color: rgb(129, 135, 185); width: 20px; height: 20px; display: flex;"
        />
      </span>
    </label>
    <span
      class="MuiSwitch-root MuiSwitch-sizeMedium css-44y1r7-MuiSwitch-root"
    >
      <span
        class="MuiButtonBase-root MuiSwitch-switchBase MuiSwitch-colorPrimary Mui-checked PrivateSwitchBase-root MuiSwitch-switchBase MuiSwitch-colorPrimary Mui-checked Mui-checked css-1vk7jze-MuiButtonBase-root-MuiSwitch-switchBase"
      >
        <input
          checked=""
          class="PrivateSwitchBase-input MuiSwitch-input css-1m9pwf3"
          name="checkedA"
          type="checkbox"
        />
        <span
          class="MuiSwitch-thumb css-epwt2k-MuiSwitch-thumb"
        />
        <span
          class="MuiTouchRipple-root css-8je8zh-MuiTouchRipple-root"
        />
      </span>
      <span
        class="MuiSwitch-track css-1mr4grv-MuiSwitch-track"
      />
    </span>
  </div>
</div>
`;
