// Jest Snapshot v1, https://goo.gl/fbAQLP

exports[`UserMenu match snapshot UserMenu 1`] = `
<div>
  <div
    style="position: relative;"
  >
    <div
      class="css-1gbhtbv"
    >
      <ion-icon
        name="person-outline"
        style="font-size: 15px; color: rgb(129, 135, 185);"
      />
      <div
        class="css-1cn3y7o"
      >
        Admin Name
      </div>
      <div
        class="css-1tg3i43"
      >
        <ion-icon
          name="chevron-down"
          style="font-size: 15px; color: rgb(129, 135, 185);"
        />
      </div>
    </div>
    <div
      class="css-9akiq3"
    >
      <div
        class="css-9inyfk"
      >
        <div
          class="css-1bt56fy"
        >
          Admin name
        </div>
        <div
          class="css-3lsmy"
        >
          adminame@mail.com
        </div>
        <div
          class="css-1772pc6"
        />
        <div
          class="css-12w2p0s"
        >
          Account
        </div>
        <div
          class="css-12w2p0s"
        >
          Log out
        </div>
      </div>
    </div>
  </div>
</div>
`;
