// Jest Snapshot v1, https://goo.gl/fbAQLP

exports[`MenuItemIcon match snapshot with boldStyle and child (Analyze) 1`] = `
<div>
  <div
    class="makeStyles-root-17 makeStyles-childPadding-18 makeStyles-boldStyle-19"
  >
    <ion-icon
      name="analytics"
      style="width: 18px; height: 18px;"
    />
    
    <span
      class="makeStyles-span-29 makeStyles-opacityFull-25"
    >
      Analyze
    </span>
  </div>
</div>
`;
